{
    "process": "gptq",
    "layer": 0,
    "module": "self_attn.v_proj",
    "feat: in, out": "2048, 2048",
    "dtype: size": "bf16: 8.3MB",
    "loss": "0.0000002020",
    "samples": "2951",
    "damp": "0.01000",
    "time": "23.470",
    "fwd_time": "2.283",
    "(v)ram": "cuda 10.58G"
}
{
    "process": "gptq",
    "layer": 0,
    "module": "self_attn.k_proj",
    "feat: in, out": "2048, 2048",
    "dtype: size": "bf16: 8.3MB",
    "loss": "0.0000031944",
    "samples": "2951",
    "damp": "0.01000",
    "time": "23.607",
    "fwd_time": "2.283",
    "(v)ram": "cuda 10.58G"
}
{
    "process": "gptq",
    "layer": 0,
    "module": "self_attn.q_proj",
    "feat: in, out": "2048, 2048",
    "dtype: size": "bf16: 8.3MB",
    "loss": "0.0000047813",
    "samples": "2951",
    "damp": "0.01000",
    "time": "26.182",
    "fwd_time": "2.283",
    "(v)ram": "cuda 10.6G"
}
{
    "process": "gptq",
    "layer": 0,
    "module": "self_attn.o_proj",
    "feat: in, out": "2048, 2048",
    "dtype: size": "bf16: 8.3MB",
    "loss": "0.0000000580",
    "samples": "2951",
    "damp": "0.01000",
    "time": "6.775",
    "fwd_time": "0.340",
    "(v)ram": "cuda 10.66G"
}
{
    "process": "gptq",
    "layer": 0,
    "module": "mlp.experts.0.gate_proj",
    "feat: in, out": "2048, 1408",
    "dtype: size": "bf16: 5.7MB",
    "loss": "0.0001912534",
    "samples": "183",
    "damp": "0.01000",
    "time": "35.201",
    "fwd_time": "9.735",
    "(v)ram": "cuda 12.79G"
}
{
    "process": "gptq",
    "layer": 0,
    "module": "mlp.shared_expert.up_proj",
    "feat: in, out": "2048, 5632",
    "dtype: size": "bf16: 22.7MB",
    "loss": "0.0003372557",
    "samples": "2951",
    "damp": "0.01000",
    "time": "36.438",
    "fwd_time": "9.735",
    "(v)ram": "cuda 12.78G"
}
{
    "process": "gptq",
    "layer": 0,
    "module": "mlp.shared_expert.gate_proj",
    "feat: in, out": "2048, 5632",
    "dtype: size": "bf16: 22.7MB",
    "loss": "0.0003129092",
    "samples": "2951",
    "damp": "0.01000",
    "time": "36.650",
    "fwd_time": "9.735",
    "(v)ram": "cuda 12.78G"
}
{
    "process": "gptq",
    "layer": 0,
    "module": "mlp.experts.1.gate_proj",
    "feat: in, out": "2048, 1408",
    "dtype: size": "bf16: 5.7MB",
    "loss": "0.0003543798",
    "samples": "143",
    "damp": "0.01000",
    "time": "36.780",
    "fwd_time": "9.735",
    "(v)ram": "cuda 12.78G"
}
{
    "process": "gptq",
    "layer": 0,
    "module": "mlp.experts.4.gate_proj",
    "feat: in, out": "2048, 1408",
    "dtype: size": "bf16: 5.7MB",
    "loss": "0.0001684405",
    "samples": "284",
    "damp": "0.01000",
    "time": "33.867",
    "fwd_time": "9.735",
    "(v)ram": "cuda 12.79G"
}
{
    "process": "gptq",
    "layer": 0,
    "module": "mlp.experts.3.gate_proj",
    "feat: in, out": "2048, 1408",
    "dtype: size": "bf16: 5.7MB",
    "loss": "0.0002121219",
    "samples": "273",
    "damp": "0.01000",
    "time": "34.245",
    "fwd_time": "9.735",
    "(v)ram": "cuda 12.79G"
}
{
    "process": "gptq",
    "layer": 0,
    "module": "mlp.experts.5.gate_proj",
    "feat: in, out": "2048, 1408",
    "dtype: size": "bf16: 5.7MB",
    "loss": "0.0001678306",
    "samples": "180",
    "damp": "0.01000",
    "time": "36.732",
    "fwd_time": "9.735",
    "(v)ram": "cuda 12.78G"
}
{
    "process": "gptq",
    "layer": 0,
    "module": "mlp.experts.2.gate_proj",
    "feat: in, out": "2048, 1408",
    "dtype: size": "bf16: 5.7MB",
    "loss": "0.0002287721",
    "samples": "176",
    "damp": "0.01000",
    "time": "41.735",
    "fwd_time": "9.735",
    "(v)ram": "cuda 12.8G"
}
{
    "process": "gptq",
    "layer": 0,
    "module": "mlp.experts.8.gate_proj",
    "feat: in, out": "2048, 1408",
    "dtype: size": "bf16: 5.7MB",
    "loss": "0.0002853614",
    "samples": "263",
    "damp": "0.01000",
    "time": "35.967",
    "fwd_time": "9.735",
    "(v)ram": "cuda 12.79G"
}
{
    "process": "gptq",
    "layer": 0,
    "module": "mlp.experts.7.gate_proj",
    "feat: in, out": "2048, 1408",
    "dtype: size": "bf16: 5.7MB",
    "loss": "0.0002453324",
    "samples": "222",
    "damp": "0.01000",
    "time": "36.734",
    "fwd_time": "9.735",
    "(v)ram": "cuda 12.77G"
}
{
    "process": "gptq",
    "layer": 0,
    "module": "mlp.experts.9.gate_proj",
    "feat: in, out": "2048, 1408",
    "dtype: size": "bf16: 5.7MB",
    "loss": "0.0001827111",
    "samples": "240",
    "damp": "0.01000",
    "time": "38.801",
    "fwd_time": "9.735",
    "(v)ram": "cuda 12.77G"
}
{
    "process": "gptq",
    "layer": 0,
    "module": "mlp.experts.6.gate_proj",
    "feat: in, out": "2048, 1408",
    "dtype: size": "bf16: 5.7MB",
    "loss": "0.0002792316",
    "samples": "54",
    "damp": "0.01000",
    "time": "36.967",
    "fwd_time": "9.735",
    "(v)ram": "cuda 12.77G"
}
{
    "process": "gptq",
    "layer": 0,
    "module": "mlp.experts.12.gate_proj",
    "feat: in, out": "2048, 1408",
    "dtype: size": "bf16: 5.7MB",
    "loss": "0.0001884909",
    "samples": "191",
    "damp": "0.01000",
    "time": "35.059",
    "fwd_time": "9.735",
    "(v)ram": "cuda 12.77G"
}
{
    "process": "gptq",
    "layer": 0,
    "module": "mlp.experts.11.gate_proj",
    "feat: in, out": "2048, 1408",
    "dtype: size": "bf16: 5.7MB",
    "loss": "0.0002123760",
    "samples": "189",
    "damp": "0.01000",
    "time": "35.248",
    "fwd_time": "9.735",
    "(v)ram": "cuda 12.8G"
}
{
    "process": "gptq",
    "layer": 0,
    "module": "mlp.experts.13.gate_proj",
    "feat: in, out": "2048, 1408",
    "dtype: size": "bf16: 5.7MB",
    "loss": "0.0002542186",
    "samples": "151",
    "damp": "0.01000",
    "time": "34.910",
    "fwd_time": "9.735",
    "(v)ram": "cuda 12.77G"
}
{
    "process": "gptq",
    "layer": 0,
    "module": "mlp.experts.10.gate_proj",
    "feat: in, out": "2048, 1408",
    "dtype: size": "bf16: 5.7MB",
    "loss": "0.0001679539",
    "samples": "247",
    "damp": "0.01000",
    "time": "36.292",
    "fwd_time": "9.735",
    "(v)ram": "cuda 12.8G"
}
{
    "process": "gptq",
    "layer": 0,
    "module": "mlp.experts.16.gate_proj",
    "feat: in, out": "2048, 1408",
    "dtype: size": "bf16: 5.7MB",
    "loss": "0.0002534461",
    "samples": "164",
    "damp": "0.01000",
    "time": "34.515",
    "fwd_time": "9.735",
    "(v)ram": "cuda 12.79G"
}
{
    "process": "gptq",
    "layer": 0,
    "module": "mlp.experts.15.gate_proj",
    "feat: in, out": "2048, 1408",
    "dtype: size": "bf16: 5.7MB",
    "loss": "0.0001727493",
    "samples": "258",
    "damp": "0.01000",
    "time": "34.568",
    "fwd_time": "9.735",
    "(v)ram": "cuda 12.79G"
}
{
    "process": "gptq",
    "layer": 0,
    "module": "mlp.experts.17.gate_proj",
    "feat: in, out": "2048, 1408",
    "dtype: size": "bf16: 5.7MB",
    "loss": "0.0001964972",
    "samples": "170",
    "damp": "0.01000",
    "time": "35.719",
    "fwd_time": "9.735",
    "(v)ram": "cuda 12.8G"
}
{
    "process": "gptq",
    "layer": 0,
    "module": "mlp.experts.14.gate_proj",
    "feat: in, out": "2048, 1408",
    "dtype: size": "bf16: 5.7MB",
    "loss": "0.0002491860",
    "samples": "144",
    "damp": "0.01000",
    "time": "37.564",
    "fwd_time": "9.735",
    "(v)ram": "cuda 12.78G"
}
{
    "process": "gptq",
    "layer": 0,
    "module": "mlp.experts.20.gate_proj",
    "feat: in, out": "2048, 1408",
    "dtype: size": "bf16: 5.7MB",
    "loss": "0.0001776841",
    "samples": "260",
    "damp": "0.01000",
    "time": "36.620",
    "fwd_time": "9.735",
    "(v)ram": "cuda 12.79G"
}
{
    "process": "gptq",
    "layer": 0,
    "module": "mlp.experts.19.gate_proj",
    "feat: in, out": "2048, 1408",
    "dtype: size": "bf16: 5.7MB",
    "loss": "0.0001927644",
    "samples": "234",
    "damp": "0.01000",
    "time": "36.663",
    "fwd_time": "9.735",
    "(v)ram": "cuda 12.77G"
}
{
    "process": "gptq",
    "layer": 0,
    "module": "mlp.experts.21.gate_proj",
    "feat: in, out": "2048, 1408",
    "dtype: size": "bf16: 5.7MB",
    "loss": "0.0002582124",
    "samples": "128",
    "damp": "0.01000",
    "time": "36.304",
    "fwd_time": "9.735",
    "(v)ram": "cuda 12.78G"
}
{
    "process": "gptq",
    "layer": 0,
    "module": "mlp.experts.18.gate_proj",
    "feat: in, out": "2048, 1408",
    "dtype: size": "bf16: 5.7MB",
    "loss": "0.0002922552",
    "samples": "107",
    "damp": "0.01000",
    "time": "35.033",
    "fwd_time": "9.735",
    "(v)ram": "cuda 12.78G"
}
{
    "process": "gptq",
    "layer": 0,
    "module": "mlp.experts.24.gate_proj",
    "feat: in, out": "2048, 1408",
    "dtype: size": "bf16: 5.7MB",
    "loss": "0.0001951555",
    "samples": "252",
    "damp": "0.01000",
    "time": "28.232",
    "fwd_time": "9.735",
    "(v)ram": "cuda 12.82G"
}
{
    "process": "gptq",
    "layer": 0,
    "module": "mlp.experts.23.gate_proj",
    "feat: in, out": "2048, 1408",
    "dtype: size": "bf16: 5.7MB",
    "loss": "0.0001893672",
    "samples": "241",
    "damp": "0.01000",
    "time": "28.556",
    "fwd_time": "9.735",
    "(v)ram": "cuda 12.82G"
}
{
    "process": "gptq",
    "layer": 0,
    "module": "mlp.experts.25.gate_proj",
    "feat: in, out": "2048, 1408",
    "dtype: size": "bf16: 5.7MB",
    "loss": "0.0002041935",
    "samples": "198",
    "damp": "0.01000",
    "time": "28.762",
    "fwd_time": "9.735",
    "(v)ram": "cuda 12.79G"
}
{
    "process": "gptq",
    "layer": 0,
    "module": "mlp.experts.22.gate_proj",
    "feat: in, out": "2048, 1408",
    "dtype: size": "bf16: 5.7MB",
    "loss": "0.0002143989",
    "samples": "157",
    "damp": "0.01000",
    "time": "31.654",
    "fwd_time": "9.735",
    "(v)ram": "cuda 12.78G"
}
{
    "process": "gptq",
    "layer": 0,
    "module": "mlp.experts.28.gate_proj",
    "feat: in, out": "2048, 1408",
    "dtype: size": "bf16: 5.7MB",
    "loss": "0.0001937744",
    "samples": "259",
    "damp": "0.01000",
    "time": "34.118",
    "fwd_time": "9.735",
    "(v)ram": "cuda 12.8G"
}
{
    "process": "gptq",
    "layer": 0,
    "module": "mlp.experts.27.gate_proj",
    "feat: in, out": "2048, 1408",
    "dtype: size": "bf16: 5.7MB",
    "loss": "0.0002339669",
    "samples": "186",
    "damp": "0.01000",
    "time": "34.431",
    "fwd_time": "9.735",
    "(v)ram": "cuda 12.77G"
}
{
    "process": "gptq",
    "layer": 0,
    "module": "mlp.experts.29.gate_proj",
    "feat: in, out": "2048, 1408",
    "dtype: size": "bf16: 5.7MB",
    "loss": "0.0001713357",
    "samples": "223",
    "damp": "0.01000",
    "time": "35.036",
    "fwd_time": "9.735",
    "(v)ram": "cuda 12.8G"
}
{
    "process": "gptq",
    "layer": 0,
    "module": "mlp.experts.26.gate_proj",
    "feat: in, out": "2048, 1408",
    "dtype: size": "bf16: 5.7MB",
    "loss": "0.0001768679",
    "samples": "218",
    "damp": "0.01000",
    "time": "35.067",
    "fwd_time": "9.735",
    "(v)ram": "cuda 12.79G"
}
{
    "process": "gptq",
    "layer": 0,
    "module": "mlp.experts.32.gate_proj",
    "feat: in, out": "2048, 1408",
    "dtype: size": "bf16: 5.7MB",
    "loss": "0.0001858208",
    "samples": "245",
    "damp": "0.01000",
    "time": "33.415",
    "fwd_time": "9.735",
    "(v)ram": "cuda 12.79G"
}
{
    "process": "gptq",
    "layer": 0,
    "module": "mlp.experts.31.gate_proj",
    "feat: in, out": "2048, 1408",
    "dtype: size": "bf16: 5.7MB",
    "loss": "0.0001979385",
    "samples": "182",
    "damp": "0.01000",
    "time": "34.004",
    "fwd_time": "9.735",
    "(v)ram": "cuda 12.77G"
}
{
    "process": "gptq",
    "layer": 0,
    "module": "mlp.experts.33.gate_proj",
    "feat: in, out": "2048, 1408",
    "dtype: size": "bf16: 5.7MB",
    "loss": "0.0003884544",
    "samples": "61",
    "damp": "0.01000",
    "time": "33.491",
    "fwd_time": "9.735",
    "(v)ram": "cuda 12.79G"
}
{
    "process": "gptq",
    "layer": 0,
    "module": "mlp.experts.30.gate_proj",
    "feat: in, out": "2048, 1408",
    "dtype: size": "bf16: 5.7MB",
    "loss": "0.0001933697",
    "samples": "179",
    "damp": "0.01000",
    "time": "42.628",
    "fwd_time": "9.735",
    "(v)ram": "cuda 12.78G"
}
{
    "process": "gptq",
    "layer": 0,
    "module": "mlp.experts.36.gate_proj",
    "feat: in, out": "2048, 1408",
    "dtype: size": "bf16: 5.7MB",
    "loss": "0.0002422741",
    "samples": "218",
    "damp": "0.01000",
    "time": "34.872",
    "fwd_time": "9.735",
    "(v)ram": "cuda 12.79G"
}
{
    "process": "gptq",
    "layer": 0,
    "module": "mlp.experts.35.gate_proj",
    "feat: in, out": "2048, 1408",
    "dtype: size": "bf16: 5.7MB",
    "loss": "0.0002360124",
    "samples": "186",
    "damp": "0.01000",
    "time": "35.145",
    "fwd_time": "9.735",
    "(v)ram": "cuda 12.79G"
}
{
    "process": "gptq",
    "layer": 0,
    "module": "mlp.experts.37.gate_proj",
    "feat: in, out": "2048, 1408",
    "dtype: size": "bf16: 5.7MB",
    "loss": "0.0000703061",
    "samples": "228",
    "damp": "0.01000",
    "time": "34.513",
    "fwd_time": "9.735",
    "(v)ram": "cuda 12.78G"
}
{
    "process": "gptq",
    "layer": 0,
    "module": "mlp.experts.34.gate_proj",
    "feat: in, out": "2048, 1408",
    "dtype: size": "bf16: 5.7MB",
    "loss": "0.0001964564",
    "samples": "238",
    "damp": "0.01000",
    "time": "35.082",
    "fwd_time": "9.735",
    "(v)ram": "cuda 12.77G"
}
{
    "process": "gptq",
    "layer": 0,
    "module": "mlp.experts.40.gate_proj",
    "feat: in, out": "2048, 1408",
    "dtype: size": "bf16: 5.7MB",
    "loss": "0.0002709185",
    "samples": "189",
    "damp": "0.01000",
    "time": "31.264",
    "fwd_time": "9.735",
    "(v)ram": "cuda 12.79G"
}
{
    "process": "gptq",
    "layer": 0,
    "module": "mlp.experts.39.gate_proj",
    "feat: in, out": "2048, 1408",
    "dtype: size": "bf16: 5.7MB",
    "loss": "0.0001415971",
    "samples": "268",
    "damp": "0.01000",
    "time": "31.789",
    "fwd_time": "9.735",
    "(v)ram": "cuda 12.77G"
}
{
    "process": "gptq",
    "layer": 0,
    "module": "mlp.experts.41.gate_proj",
    "feat: in, out": "2048, 1408",
    "dtype: size": "bf16: 5.7MB",
    "loss": "0.0001633781",
    "samples": "208",
    "damp": "0.01000",
    "time": "33.566",
    "fwd_time": "9.735",
    "(v)ram": "cuda 12.77G"
}
{
    "process": "gptq",
    "layer": 0,
    "module": "mlp.experts.38.gate_proj",
    "feat: in, out": "2048, 1408",
    "dtype: size": "bf16: 5.7MB",
    "loss": "0.0002243937",
    "samples": "166",
    "damp": "0.01000",
    "time": "33.278",
    "fwd_time": "9.735",
    "(v)ram": "cuda 12.77G"
}
{
    "process": "gptq",
    "layer": 0,
    "module": "mlp.experts.44.gate_proj",
    "feat: in, out": "2048, 1408",
    "dtype: size": "bf16: 5.7MB",
    "loss": "0.0002957011",
    "samples": "198",
    "damp": "0.01000",
    "time": "33.088",
    "fwd_time": "9.735",
    "(v)ram": "cuda 12.78G"
}
{
    "process": "gptq",
    "layer": 0,
    "module": "mlp.experts.43.gate_proj",
    "feat: in, out": "2048, 1408",
    "dtype: size": "bf16: 5.7MB",
    "loss": "0.0000814089",
    "samples": "243",
    "damp": "0.01000",
    "time": "33.431",
    "fwd_time": "9.735",
    "(v)ram": "cuda 12.8G"
}
{
    "process": "gptq",
    "layer": 0,
    "module": "mlp.experts.45.gate_proj",
    "feat: in, out": "2048, 1408",
    "dtype: size": "bf16: 5.7MB",
    "loss": "0.0001593698",
    "samples": "123",
    "damp": "0.01000",
    "time": "32.386",
    "fwd_time": "9.735",
    "(v)ram": "cuda 12.77G"
}
{
    "process": "gptq",
    "layer": 0,
    "module": "mlp.experts.42.gate_proj",
    "feat: in, out": "2048, 1408",
    "dtype: size": "bf16: 5.7MB",
    "loss": "0.0002206493",
    "samples": "259",
    "damp": "0.01000",
    "time": "36.065",
    "fwd_time": "9.735",
    "(v)ram": "cuda 12.8G"
}
{
    "process": "gptq",
    "layer": 0,
    "module": "mlp.experts.48.gate_proj",
    "feat: in, out": "2048, 1408",
    "dtype: size": "bf16: 5.7MB",
    "loss": "0.0001719852",
    "samples": "139",
    "damp": "0.01000",
    "time": "35.057",
    "fwd_time": "9.735",
    "(v)ram": "cuda 12.77G"
}
{
    "process": "gptq",
    "layer": 0,
    "module": "mlp.experts.47.gate_proj",
    "feat: in, out": "2048, 1408",
    "dtype: size": "bf16: 5.7MB",
    "loss": "0.0003280500",
    "samples": "134",
    "damp": "0.01000",
    "time": "35.427",
    "fwd_time": "9.735",
    "(v)ram": "cuda 12.78G"
}
{
    "process": "gptq",
    "layer": 0,
    "module": "mlp.experts.49.gate_proj",
    "feat: in, out": "2048, 1408",
    "dtype: size": "bf16: 5.7MB",
    "loss": "0.0002770777",
    "samples": "122",
    "damp": "0.01000",
    "time": "36.667",
    "fwd_time": "9.735",
    "(v)ram": "cuda 12.8G"
}
{
    "process": "gptq",
    "layer": 0,
    "module": "mlp.experts.46.gate_proj",
    "feat: in, out": "2048, 1408",
    "dtype: size": "bf16: 5.7MB",
    "loss": "0.0002451974",
    "samples": "314",
    "damp": "0.01000",
    "time": "37.228",
    "fwd_time": "9.735",
    "(v)ram": "cuda 12.77G"
}
{
    "process": "gptq",
    "layer": 0,
    "module": "mlp.experts.52.gate_proj",
    "feat: in, out": "2048, 1408",
    "dtype: size": "bf16: 5.7MB",
    "loss": "0.0002288378",
    "samples": "166",
    "damp": "0.01000",
    "time": "35.981",
    "fwd_time": "9.735",
    "(v)ram": "cuda 12.79G"
}
{
    "process": "gptq",
    "layer": 0,
    "module": "mlp.experts.51.gate_proj",
    "feat: in, out": "2048, 1408",
    "dtype: size": "bf16: 5.7MB",
    "loss": "0.0001877523",
    "samples": "200",
    "damp": "0.01000",
    "time": "36.860",
    "fwd_time": "9.735",
    "(v)ram": "cuda 12.77G"
}
{
    "process": "gptq",
    "layer": 0,
    "module": "mlp.experts.53.gate_proj",
    "feat: in, out": "2048, 1408",
    "dtype: size": "bf16: 5.7MB",
    "loss": "0.0001982030",
    "samples": "196",
    "damp": "0.01000",
    "time": "36.900",
    "fwd_time": "9.735",
    "(v)ram": "cuda 12.78G"
}
{
    "process": "gptq",
    "layer": 0,
    "module": "mlp.experts.50.gate_proj",
    "feat: in, out": "2048, 1408",
    "dtype: size": "bf16: 5.7MB",
    "loss": "0.0002459416",
    "samples": "156",
    "damp": "0.01000",
    "time": "32.505",
    "fwd_time": "9.735",
    "(v)ram": "cuda 12.78G"
}
{
    "process": "gptq",
    "layer": 0,
    "module": "mlp.experts.56.gate_proj",
    "feat: in, out": "2048, 1408",
    "dtype: size": "bf16: 5.7MB",
    "loss": "0.0001941576",
    "samples": "181",
    "damp": "0.01000",
    "time": "31.145",
    "fwd_time": "9.735",
    "(v)ram": "cuda 12.78G"
}
{
    "process": "gptq",
    "layer": 0,
    "module": "mlp.experts.55.gate_proj",
    "feat: in, out": "2048, 1408",
    "dtype: size": "bf16: 5.7MB",
    "loss": "0.0002377898",
    "samples": "202",
    "damp": "0.01000",
    "time": "31.192",
    "fwd_time": "9.735",
    "(v)ram": "cuda 12.78G"
}
{
    "process": "gptq",
    "layer": 0,
    "module": "mlp.experts.57.gate_proj",
    "feat: in, out": "2048, 1408",
    "dtype: size": "bf16: 5.7MB",
    "loss": "0.0001839736",
    "samples": "192",
    "damp": "0.01000",
    "time": "30.963",
    "fwd_time": "9.735",
    "(v)ram": "cuda 12.78G"
}
{
    "process": "gptq",
    "layer": 0,
    "module": "mlp.experts.54.gate_proj",
    "feat: in, out": "2048, 1408",
    "dtype: size": "bf16: 5.7MB",
    "loss": "0.0002258012",
    "samples": "187",
    "damp": "0.01000",
    "time": "39.805",
    "fwd_time": "9.735",
    "(v)ram": "cuda 12.77G"
}
{
    "process": "gptq",
    "layer": 0,
    "module": "mlp.experts.0.up_proj",
    "feat: in, out": "2048, 1408",
    "dtype: size": "bf16: 5.7MB",
    "loss": "0.0001948225",
    "samples": "183",
    "damp": "0.01000",
    "time": "38.763",
    "fwd_time": "9.735",
    "(v)ram": "cuda 12.77G"
}
{
    "process": "gptq",
    "layer": 0,
    "module": "mlp.experts.59.gate_proj",
    "feat: in, out": "2048, 1408",
    "dtype: size": "bf16: 5.7MB",
    "loss": "0.0002980301",
    "samples": "155",
    "damp": "0.01000",
    "time": "35.613",
    "fwd_time": "9.735",
    "(v)ram": "cuda 12.8G"
}
{
    "process": "gptq",
    "layer": 0,
    "module": "mlp.experts.1.up_proj",
    "feat: in, out": "2048, 1408",
    "dtype: size": "bf16: 5.7MB",
    "loss": "0.0003521716",
    "samples": "143",
    "damp": "0.01000",
    "time": "35.998",
    "fwd_time": "9.735",
    "(v)ram": "cuda 12.77G"
}
{
    "process": "gptq",
    "layer": 0,
    "module": "mlp.experts.58.gate_proj",
    "feat: in, out": "2048, 1408",
    "dtype: size": "bf16: 5.7MB",
    "loss": "0.0002400428",
    "samples": "274",
    "damp": "0.01000",
    "time": "35.365",
    "fwd_time": "9.735",
    "(v)ram": "cuda 12.8G"
}
{
    "process": "gptq",
    "layer": 0,
    "module": "mlp.experts.3.up_proj",
    "feat: in, out": "2048, 1408",
    "dtype: size": "bf16: 5.7MB",
    "loss": "0.0002036790",
    "samples": "273",
    "damp": "0.01000",
    "time": "33.062",
    "fwd_time": "9.735",
    "(v)ram": "cuda 12.8G"
}
{
    "process": "gptq",
    "layer": 0,
    "module": "mlp.experts.4.up_proj",
    "feat: in, out": "2048, 1408",
    "dtype: size": "bf16: 5.7MB",
    "loss": "0.0001639457",
    "samples": "284",
    "damp": "0.01000",
    "time": "40.377",
    "fwd_time": "9.735",
    "(v)ram": "cuda 12.77G"
}
{
    "process": "gptq",
    "layer": 0,
    "module": "mlp.experts.5.up_proj",
    "feat: in, out": "2048, 1408",
    "dtype: size": "bf16: 5.7MB",
    "loss": "0.0001413081",
    "samples": "180",
    "damp": "0.01000",
    "time": "32.264",
    "fwd_time": "9.735",
    "(v)ram": "cuda 12.78G"
}
{
    "process": "gptq",
    "layer": 0,
    "module": "mlp.experts.2.up_proj",
    "feat: in, out": "2048, 1408",
    "dtype: size": "bf16: 5.7MB",
    "loss": "0.0002225089",
    "samples": "176",
    "damp": "0.01000",
    "time": "34.359",
    "fwd_time": "9.735",
    "(v)ram": "cuda 12.8G"
}
{
    "process": "gptq",
    "layer": 0,
    "module": "mlp.experts.7.up_proj",
    "feat: in, out": "2048, 1408",
    "dtype: size": "bf16: 5.7MB",
    "loss": "0.0002416465",
    "samples": "222",
    "damp": "0.01000",
    "time": "33.920",
    "fwd_time": "9.735",
    "(v)ram": "cuda 12.79G"
}
{
    "process": "gptq",
    "layer": 0,
    "module": "mlp.experts.9.up_proj",
    "feat: in, out": "2048, 1408",
    "dtype: size": "bf16: 5.7MB",
    "loss": "0.0001826585",
    "samples": "240",
    "damp": "0.01000",
    "time": "34.670",
    "fwd_time": "9.735",
    "(v)ram": "cuda 12.8G"
}
{
    "process": "gptq",
    "layer": 0,
    "module": "mlp.experts.8.up_proj",
    "feat: in, out": "2048, 1408",
    "dtype: size": "bf16: 5.7MB",
    "loss": "0.0002891511",
    "samples": "263",
    "damp": "0.01000",
    "time": "38.603",
    "fwd_time": "9.735",
    "(v)ram": "cuda 12.8G"
}
{
    "process": "gptq",
    "layer": 0,
    "module": "mlp.experts.6.up_proj",
    "feat: in, out": "2048, 1408",
    "dtype: size": "bf16: 5.7MB",
    "loss": "0.0002547483",
    "samples": "54",
    "damp": "0.01000",
    "time": "34.987",
    "fwd_time": "9.735",
    "(v)ram": "cuda 12.78G"
}
{
    "process": "gptq",
    "layer": 0,
    "module": "mlp.experts.11.up_proj",
    "feat: in, out": "2048, 1408",
    "dtype: size": "bf16: 5.7MB",
    "loss": "0.0002115637",
    "samples": "189",
    "damp": "0.01000",
    "time": "34.870",
    "fwd_time": "9.735",
    "(v)ram": "cuda 12.78G"
}
{
    "process": "gptq",
    "layer": 0,
    "module": "mlp.experts.13.up_proj",
    "feat: in, out": "2048, 1408",
    "dtype: size": "bf16: 5.7MB",
    "loss": "0.0002560522",
    "samples": "151",
    "damp": "0.01000",
    "time": "35.735",
    "fwd_time": "9.735",
    "(v)ram": "cuda 12.78G"
}
{
    "process": "gptq",
    "layer": 0,
    "module": "mlp.experts.12.up_proj",
    "feat: in, out": "2048, 1408",
    "dtype: size": "bf16: 5.7MB",
    "loss": "0.0001941820",
    "samples": "191",
    "damp": "0.01000",
    "time": "41.825",
    "fwd_time": "9.735",
    "(v)ram": "cuda 12.78G"
}
{
    "process": "gptq",
    "layer": 0,
    "module": "mlp.experts.15.up_proj",
    "feat: in, out": "2048, 1408",
    "dtype: size": "bf16: 5.7MB",
    "loss": "0.0001766924",
    "samples": "258",
    "damp": "0.01000",
    "time": "34.679",
    "fwd_time": "9.735",
    "(v)ram": "cuda 12.77G"
}
{
    "process": "gptq",
    "layer": 0,
    "module": "mlp.experts.10.up_proj",
    "feat: in, out": "2048, 1408",
    "dtype: size": "bf16: 5.7MB",
    "loss": "0.0001645805",
    "samples": "247",
    "damp": "0.01000",
    "time": "37.526",
    "fwd_time": "9.735",
    "(v)ram": "cuda 12.8G"
}
{
    "process": "gptq",
    "layer": 0,
    "module": "mlp.experts.17.up_proj",
    "feat: in, out": "2048, 1408",
    "dtype: size": "bf16: 5.7MB",
    "loss": "0.0001952411",
    "samples": "170",
    "damp": "0.01000",
    "time": "35.032",
    "fwd_time": "9.735",
    "(v)ram": "cuda 12.77G"
}
{
    "process": "gptq",
    "layer": 0,
    "module": "mlp.experts.16.up_proj",
    "feat: in, out": "2048, 1408",
    "dtype: size": "bf16: 5.7MB",
    "loss": "0.0002554209",
    "samples": "164",
    "damp": "0.01000",
    "time": "33.632",
    "fwd_time": "9.735",
    "(v)ram": "cuda 12.77G"
}
{
    "process": "gptq",
    "layer": 0,
    "module": "mlp.experts.19.up_proj",
    "feat: in, out": "2048, 1408",
    "dtype: size": "bf16: 5.7MB",
    "loss": "0.0001895937",
    "samples": "234",
    "damp": "0.01000",
    "time": "34.517",
    "fwd_time": "9.735",
    "(v)ram": "cuda 12.8G"
}
{
    "process": "gptq",
    "layer": 0,
    "module": "mlp.experts.14.up_proj",
    "feat: in, out": "2048, 1408",
    "dtype: size": "bf16: 5.7MB",
    "loss": "0.0002454550",
    "samples": "144",
    "damp": "0.01000",
    "time": "33.287",
    "fwd_time": "9.735",
    "(v)ram": "cuda 12.8G"
}
{
    "process": "gptq",
    "layer": 0,
    "module": "mlp.experts.21.up_proj",
    "feat: in, out": "2048, 1408",
    "dtype: size": "bf16: 5.7MB",
    "loss": "0.0002650775",
    "samples": "128",
    "damp": "0.01000",
    "time": "35.741",
    "fwd_time": "9.735",
    "(v)ram": "cuda 12.79G"
}
{
    "process": "gptq",
    "layer": 0,
    "module": "mlp.experts.20.up_proj",
    "feat: in, out": "2048, 1408",
    "dtype: size": "bf16: 5.7MB",
    "loss": "0.0001751818",
    "samples": "260",
    "damp": "0.01000",
    "time": "36.455",
    "fwd_time": "9.735",
    "(v)ram": "cuda 12.8G"
}
{
    "process": "gptq",
    "layer": 0,
    "module": "mlp.experts.18.up_proj",
    "feat: in, out": "2048, 1408",
    "dtype: size": "bf16: 5.7MB",
    "loss": "0.0002767524",
    "samples": "107",
    "damp": "0.01000",
    "time": "37.516",
    "fwd_time": "9.735",
    "(v)ram": "cuda 12.77G"
}
{
    "process": "gptq",
    "layer": 0,
    "module": "mlp.experts.23.up_proj",
    "feat: in, out": "2048, 1408",
    "dtype: size": "bf16: 5.7MB",
    "loss": "0.0001858444",
    "samples": "241",
    "damp": "0.01000",
    "time": "39.005",
    "fwd_time": "9.735",
    "(v)ram": "cuda 12.77G"
}
{
    "process": "gptq",
    "layer": 0,
    "module": "mlp.experts.25.up_proj",
    "feat: in, out": "2048, 1408",
    "dtype: size": "bf16: 5.7MB",
    "loss": "0.0001981968",
    "samples": "198",
    "damp": "0.01000",
    "time": "36.713",
    "fwd_time": "9.735",
    "(v)ram": "cuda 12.77G"
}
{
    "process": "gptq",
    "layer": 0,
    "module": "mlp.experts.24.up_proj",
    "feat: in, out": "2048, 1408",
    "dtype: size": "bf16: 5.7MB",
    "loss": "0.0001960495",
    "samples": "252",
    "damp": "0.01000",
    "time": "48.538",
    "fwd_time": "9.735",
    "(v)ram": "cuda 12.8G"
}
{
    "process": "gptq",
    "layer": 0,
    "module": "mlp.experts.22.up_proj",
    "feat: in, out": "2048, 1408",
    "dtype: size": "bf16: 5.7MB",
    "loss": "0.0002226161",
    "samples": "157",
    "damp": "0.01000",
    "time": "34.996",
    "fwd_time": "9.735",
    "(v)ram": "cuda 12.79G"
}
{
    "process": "gptq",
    "layer": 0,
    "module": "mlp.experts.27.up_proj",
    "feat: in, out": "2048, 1408",
    "dtype: size": "bf16: 5.7MB",
    "loss": "0.0002286973",
    "samples": "186",
    "damp": "0.01000",
    "time": "37.750",
    "fwd_time": "9.735",
    "(v)ram": "cuda 12.78G"
}
{
    "process": "gptq",
    "layer": 0,
    "module": "mlp.experts.29.up_proj",
    "feat: in, out": "2048, 1408",
    "dtype: size": "bf16: 5.7MB",
    "loss": "0.0001782180",
    "samples": "223",
    "damp": "0.01000",
    "time": "33.596",
    "fwd_time": "9.735",
    "(v)ram": "cuda 12.77G"
}
{
    "process": "gptq",
    "layer": 0,
    "module": "mlp.experts.28.up_proj",
    "feat: in, out": "2048, 1408",
    "dtype: size": "bf16: 5.7MB",
    "loss": "0.0001831958",
    "samples": "259",
    "damp": "0.01000",
    "time": "39.537",
    "fwd_time": "9.735",
    "(v)ram": "cuda 12.77G"
}
{
    "process": "gptq",
    "layer": 0,
    "module": "mlp.experts.26.up_proj",
    "feat: in, out": "2048, 1408",
    "dtype: size": "bf16: 5.7MB",
    "loss": "0.0001661498",
    "samples": "218",
    "damp": "0.01000",
    "time": "37.385",
    "fwd_time": "9.735",
    "(v)ram": "cuda 12.78G"
}
{
    "process": "gptq",
    "layer": 0,
    "module": "mlp.experts.33.up_proj",
    "feat: in, out": "2048, 1408",
    "dtype: size": "bf16: 5.7MB",
    "loss": "0.0003699812",
    "samples": "61",
    "damp": "0.01000",
    "time": "37.135",
    "fwd_time": "9.735",
    "(v)ram": "cuda 12.79G"
}
{
    "process": "gptq",
    "layer": 0,
    "module": "mlp.experts.31.up_proj",
    "feat: in, out": "2048, 1408",
    "dtype: size": "bf16: 5.7MB",
    "loss": "0.0001881298",
    "samples": "182",
    "damp": "0.01000",
    "time": "40.985",
    "fwd_time": "9.735",
    "(v)ram": "cuda 12.78G"
}
{
    "process": "gptq",
    "layer": 0,
    "module": "mlp.experts.37.up_proj",
    "feat: in, out": "2048, 1408",
    "dtype: size": "bf16: 5.7MB",
    "loss": "0.0000636560",
    "samples": "228",
    "damp": "0.01000",
    "time": "32.631",
    "fwd_time": "9.735",
    "(v)ram": "cuda 12.78G"
}
{
    "process": "gptq",
    "layer": 0,
    "module": "mlp.experts.32.up_proj",
    "feat: in, out": "2048, 1408",
    "dtype: size": "bf16: 5.7MB",
    "loss": "0.0001801718",
    "samples": "245",
    "damp": "0.01000",
    "time": "44.528",
    "fwd_time": "9.735",
    "(v)ram": "cuda 12.78G"
}
{
    "process": "gptq",
    "layer": 0,
    "module": "mlp.experts.35.up_proj",
    "feat: in, out": "2048, 1408",
    "dtype: size": "bf16: 5.7MB",
    "loss": "0.0002370277",
    "samples": "186",
    "damp": "0.01000",
    "time": "38.411",
    "fwd_time": "9.735",
    "(v)ram": "cuda 12.79G"
}
{
    "process": "gptq",
    "layer": 0,
    "module": "mlp.experts.30.up_proj",
    "feat: in, out": "2048, 1408",
    "dtype: size": "bf16: 5.7MB",
    "loss": "0.0001910108",
    "samples": "179",
    "damp": "0.01000",
    "time": "45.422",
    "fwd_time": "9.735",
    "(v)ram": "cuda 12.79G"
}
{
    "process": "gptq",
    "layer": 0,
    "module": "mlp.experts.41.up_proj",
    "feat: in, out": "2048, 1408",
    "dtype: size": "bf16: 5.7MB",
    "loss": "0.0001583618",
    "samples": "208",
    "damp": "0.01000",
    "time": "33.991",
    "fwd_time": "9.735",
    "(v)ram": "cuda 12.78G"
}
{
    "process": "gptq",
    "layer": 0,
    "module": "mlp.experts.36.up_proj",
    "feat: in, out": "2048, 1408",
    "dtype: size": "bf16: 5.7MB",
    "loss": "0.0002366751",
    "samples": "218",
    "damp": "0.01000",
    "time": "40.721",
    "fwd_time": "9.735",
    "(v)ram": "cuda 12.8G"
}
{
    "process": "gptq",
    "layer": 0,
    "module": "mlp.experts.34.up_proj",
    "feat: in, out": "2048, 1408",
    "dtype: size": "bf16: 5.7MB",
    "loss": "0.0001924510",
    "samples": "238",
    "damp": "0.01000",
    "time": "37.693",
    "fwd_time": "9.735",
    "(v)ram": "cuda 12.77G"
}
{
    "process": "gptq",
    "layer": 0,
    "module": "mlp.experts.39.up_proj",
    "feat: in, out": "2048, 1408",
    "dtype: size": "bf16: 5.7MB",
    "loss": "0.0001326520",
    "samples": "268",
    "damp": "0.01000",
    "time": "41.000",
    "fwd_time": "9.735",
    "(v)ram": "cuda 12.8G"
}
{
    "process": "gptq",
    "layer": 0,
    "module": "mlp.experts.45.up_proj",
    "feat: in, out": "2048, 1408",
    "dtype: size": "bf16: 5.7MB",
    "loss": "0.0001346306",
    "samples": "123",
    "damp": "0.01000",
    "time": "34.141",
    "fwd_time": "9.735",
    "(v)ram": "cuda 12.78G"
}
{
    "process": "gptq",
    "layer": 0,
    "module": "mlp.experts.40.up_proj",
    "feat: in, out": "2048, 1408",
    "dtype: size": "bf16: 5.7MB",
    "loss": "0.0002642501",
    "samples": "189",
    "damp": "0.01000",
    "time": "34.180",
    "fwd_time": "9.735",
    "(v)ram": "cuda 12.79G"
}
{
    "process": "gptq",
    "layer": 0,
    "module": "mlp.experts.38.up_proj",
    "feat: in, out": "2048, 1408",
    "dtype: size": "bf16: 5.7MB",
    "loss": "0.0002128562",
    "samples": "166",
    "damp": "0.01000",
    "time": "35.978",
    "fwd_time": "9.735",
    "(v)ram": "cuda 12.79G"
}
{
    "process": "gptq",
    "layer": 0,
    "module": "mlp.experts.43.up_proj",
    "feat: in, out": "2048, 1408",
    "dtype: size": "bf16: 5.7MB",
    "loss": "0.0000720585",
    "samples": "243",
    "damp": "0.01000",
    "time": "35.073",
    "fwd_time": "9.735",
    "(v)ram": "cuda 12.78G"
}
{
    "process": "gptq",
    "layer": 0,
    "module": "mlp.experts.49.up_proj",
    "feat: in, out": "2048, 1408",
    "dtype: size": "bf16: 5.7MB",
    "loss": "0.0002679857",
    "samples": "122",
    "damp": "0.01000",
    "time": "31.272",
    "fwd_time": "9.735",
    "(v)ram": "cuda 12.8G"
}
{
    "process": "gptq",
    "layer": 0,
    "module": "mlp.experts.47.up_proj",
    "feat: in, out": "2048, 1408",
    "dtype: size": "bf16: 5.7MB",
    "loss": "0.0003276302",
    "samples": "134",
    "damp": "0.01000",
    "time": "33.026",
    "fwd_time": "9.735",
    "(v)ram": "cuda 12.83G"
}
{
    "process": "gptq",
    "layer": 0,
    "module": "mlp.experts.42.up_proj",
    "feat: in, out": "2048, 1408",
    "dtype: size": "bf16: 5.7MB",
    "loss": "0.0001986438",
    "samples": "259",
    "damp": "0.01000",
    "time": "41.058",
    "fwd_time": "9.735",
    "(v)ram": "cuda 12.79G"
}
{
    "process": "gptq",
    "layer": 0,
    "module": "mlp.experts.44.up_proj",
    "feat: in, out": "2048, 1408",
    "dtype: size": "bf16: 5.7MB",
    "loss": "0.0002916421",
    "samples": "198",
    "damp": "0.01000",
    "time": "47.965",
    "fwd_time": "9.735",
    "(v)ram": "cuda 12.85G"
}
{
    "process": "gptq",
    "layer": 0,
    "module": "mlp.experts.53.up_proj",
    "feat: in, out": "2048, 1408",
    "dtype: size": "bf16: 5.7MB",
    "loss": "0.0001962697",
    "samples": "196",
    "damp": "0.01000",
    "time": "34.013",
    "fwd_time": "9.735",
    "(v)ram": "cuda 12.79G"
}
{
    "process": "gptq",
    "layer": 0,
    "module": "mlp.experts.51.up_proj",
    "feat: in, out": "2048, 1408",
    "dtype: size": "bf16: 5.7MB",
    "loss": "0.0001851588",
    "samples": "200",
    "damp": "0.01000",
    "time": "32.825",
    "fwd_time": "9.735",
    "(v)ram": "cuda 12.79G"
}
{
    "process": "gptq",
    "layer": 0,
    "module": "mlp.experts.46.up_proj",
    "feat: in, out": "2048, 1408",
    "dtype: size": "bf16: 5.7MB",
    "loss": "0.0002396473",
    "samples": "314",
    "damp": "0.01000",
    "time": "39.975",
    "fwd_time": "9.735",
    "(v)ram": "cuda 12.81G"
}
{
    "process": "gptq",
    "layer": 0,
    "module": "mlp.experts.48.up_proj",
    "feat: in, out": "2048, 1408",
    "dtype: size": "bf16: 5.7MB",
    "loss": "0.0001714018",
    "samples": "139",
    "damp": "0.01000",
    "time": "41.920",
    "fwd_time": "9.735",
    "(v)ram": "cuda 12.81G"
}
{
    "process": "gptq",
    "layer": 0,
    "module": "mlp.experts.57.up_proj",
    "feat: in, out": "2048, 1408",
    "dtype: size": "bf16: 5.7MB",
    "loss": "0.0001816103",
    "samples": "192",
    "damp": "0.01000",
    "time": "35.984",
    "fwd_time": "9.735",
    "(v)ram": "cuda 12.81G"
}
{
    "process": "gptq",
    "layer": 0,
    "module": "mlp.experts.55.up_proj",
    "feat: in, out": "2048, 1408",
    "dtype: size": "bf16: 5.7MB",
    "loss": "0.0002318986",
    "samples": "202",
    "damp": "0.01000",
    "time": "32.779",
    "fwd_time": "9.735",
    "(v)ram": "cuda 12.79G"
}
{
    "process": "gptq",
    "layer": 0,
    "module": "mlp.experts.52.up_proj",
    "feat: in, out": "2048, 1408",
    "dtype: size": "bf16: 5.7MB",
    "loss": "0.0002286739",
    "samples": "166",
    "damp": "0.01000",
    "time": "21.570",
    "fwd_time": "9.735",
    "(v)ram": "cuda 12.81G"
}
{
    "process": "gptq",
    "layer": 0,
    "module": "mlp.experts.50.up_proj",
    "feat: in, out": "2048, 1408",
    "dtype: size": "bf16: 5.7MB",
    "loss": "0.0002354639",
    "samples": "156",
    "damp": "0.01000",
    "time": "25.996",
    "fwd_time": "9.735",
    "(v)ram": "cuda 12.81G"
}
{
    "process": "gptq",
    "layer": 0,
    "module": "mlp.experts.56.up_proj",
    "feat: in, out": "2048, 1408",
    "dtype: size": "bf16: 5.7MB",
    "loss": "0.0001915598",
    "samples": "181",
    "damp": "0.01000",
    "time": "17.612",
    "fwd_time": "9.735",
    "(v)ram": "cuda 12.81G"
}
{
    "process": "gptq",
    "layer": 0,
    "module": "mlp.experts.59.up_proj",
    "feat: in, out": "2048, 1408",
    "dtype: size": "bf16: 5.7MB",
    "loss": "0.0002727067",
    "samples": "155",
    "damp": "0.01000",
    "time": "24.728",
    "fwd_time": "9.735",
    "(v)ram": "cuda 12.79G"
}
{
    "process": "gptq",
    "layer": 0,
    "module": "mlp.experts.54.up_proj",
    "feat: in, out": "2048, 1408",
    "dtype: size": "bf16: 5.7MB",
    "loss": "0.0002232120",
    "samples": "187",
    "damp": "0.01000",
    "time": "19.533",
    "fwd_time": "9.735",
    "(v)ram": "cuda 12.79G"
}
{
    "process": "gptq",
    "layer": 0,
    "module": "mlp.experts.58.up_proj",
    "feat: in, out": "2048, 1408",
    "dtype: size": "bf16: 5.7MB",
    "loss": "0.0002347618",
    "samples": "274",
    "damp": "0.01000",
    "time": "4.038",
    "fwd_time": "9.735",
    "(v)ram": "cuda 12.81G"
}
{
    "process": "gptq",
    "layer": 0,
    "module": "mlp.experts.0.down_proj",
    "feat: in, out": "1408, 2048",
    "dtype: size": "bf16: 5.7MB",
    "loss": "0.0000042495",
    "samples": "183",
    "damp": "0.01000",
    "time": "26.024",
    "fwd_time": "4.680",
    "(v)ram": "cuda 13.28G"
}
{
    "process": "gptq",
    "layer": 0,
    "module": "mlp.experts.2.down_proj",
    "feat: in, out": "1408, 2048",
    "dtype: size": "bf16: 5.7MB",
    "loss": "0.0000064856",
    "samples": "176",
    "damp": "0.01000",
    "time": "27.455",
    "fwd_time": "4.680",
    "(v)ram": "cuda 13.27G"
}
{
    "process": "gptq",
    "layer": 0,
    "module": "mlp.experts.1.down_proj",
    "feat: in, out": "1408, 2048",
    "dtype: size": "bf16: 5.7MB",
    "loss": "0.0000116904",
    "samples": "143",
    "damp": "0.01000",
    "time": "28.661",
    "fwd_time": "4.680",
    "(v)ram": "cuda 13.26G"
}
{
    "process": "gptq",
    "layer": 0,
    "module": "mlp.experts.4.down_proj",
    "feat: in, out": "1408, 2048",
    "dtype: size": "bf16: 5.7MB",
    "loss": "0.0000061962",
    "samples": "284",
    "damp": "0.01000",
    "time": "25.103",
    "fwd_time": "4.680",
    "(v)ram": "cuda 13.29G"
}
{
    "process": "gptq",
    "layer": 0,
    "module": "mlp.experts.6.down_proj",
    "feat: in, out": "1408, 2048",
    "dtype: size": "bf16: 5.7MB",
    "loss": "0.0000126074",
    "samples": "54",
    "damp": "0.01000",
    "time": "25.763",
    "fwd_time": "4.680",
    "(v)ram": "cuda 13.28G"
}
{
    "process": "gptq",
    "layer": 0,
    "module": "mlp.experts.5.down_proj",
    "feat: in, out": "1408, 2048",
    "dtype: size": "bf16: 5.7MB",
    "loss": "0.0000082286",
    "samples": "180",
    "damp": "0.01000",
    "time": "25.504",
    "fwd_time": "4.680",
    "(v)ram": "cuda 13.26G"
}
{
    "process": "gptq",
    "layer": 0,
    "module": "mlp.experts.8.down_proj",
    "feat: in, out": "1408, 2048",
    "dtype: size": "bf16: 5.7MB",
    "loss": "0.0000144434",
    "samples": "263",
    "damp": "0.01000",
    "time": "23.813",
    "fwd_time": "4.680",
    "(v)ram": "cuda 13.29G"
}
{
    "process": "gptq",
    "layer": 0,
    "module": "mlp.experts.10.down_proj",
    "feat: in, out": "1408, 2048",
    "dtype: size": "bf16: 5.7MB",
    "loss": "0.0000064491",
    "samples": "247",
    "damp": "0.01000",
    "time": "25.948",
    "fwd_time": "4.680",
    "(v)ram": "cuda 13.26G"
}
{
    "process": "gptq",
    "layer": 0,
    "module": "mlp.experts.9.down_proj",
    "feat: in, out": "1408, 2048",
    "dtype: size": "bf16: 5.7MB",
    "loss": "0.0000071036",
    "samples": "240",
    "damp": "0.01000",
    "time": "29.991",
    "fwd_time": "4.680",
    "(v)ram": "cuda 13.29G"
}
{
    "process": "gptq",
    "layer": 0,
    "module": "mlp.experts.12.down_proj",
    "feat: in, out": "1408, 2048",
    "dtype: size": "bf16: 5.7MB",
    "loss": "0.0000041997",
    "samples": "191",
    "damp": "0.01000",
    "time": "23.088",
    "fwd_time": "4.680",
    "(v)ram": "cuda 13.29G"
}
{
    "process": "gptq",
    "layer": 0,
    "module": "mlp.experts.14.down_proj",
    "feat: in, out": "1408, 2048",
    "dtype: size": "bf16: 5.7MB",
    "loss": "0.0000087056",
    "samples": "144",
    "damp": "0.01000",
    "time": "24.141",
    "fwd_time": "4.680",
    "(v)ram": "cuda 13.26G"
}
{
    "process": "gptq",
    "layer": 0,
    "module": "mlp.experts.13.down_proj",
    "feat: in, out": "1408, 2048",
    "dtype: size": "bf16: 5.7MB",
    "loss": "0.0000095212",
    "samples": "151",
    "damp": "0.01000",
    "time": "30.838",
    "fwd_time": "4.680",
    "(v)ram": "cuda 13.29G"
}
{
    "process": "gptq",
    "layer": 0,
    "module": "mlp.experts.16.down_proj",
    "feat: in, out": "1408, 2048",
    "dtype: size": "bf16: 5.7MB",
    "loss": "0.0000091443",
    "samples": "164",
    "damp": "0.01000",
    "time": "25.472",
    "fwd_time": "4.680",
    "(v)ram": "cuda 13.29G"
}
{
    "process": "gptq",
    "layer": 0,
    "module": "mlp.experts.18.down_proj",
    "feat: in, out": "1408, 2048",
    "dtype: size": "bf16: 5.7MB",
    "loss": "0.0000114768",
    "samples": "107",
    "damp": "0.01000",
    "time": "26.056",
    "fwd_time": "4.680",
    "(v)ram": "cuda 13.29G"
}
{
    "process": "gptq",
    "layer": 0,
    "module": "mlp.shared_expert.down_proj",
    "feat: in, out": "5632, 2048",
    "dtype: size": "bf16: 22.7MB",
    "loss": "0.0000133047",
    "samples": "2951",
    "damp": "0.01000",
    "time": "136.550",
    "fwd_time": "4.680",
    "(v)ram": "cuda 13.27G"
}
{
    "process": "gptq",
    "layer": 0,
    "module": "mlp.experts.17.down_proj",
    "feat: in, out": "1408, 2048",
    "dtype: size": "bf16: 5.7MB",
    "loss": "0.0000057079",
    "samples": "170",
    "damp": "0.01000",
    "time": "25.926",
    "fwd_time": "4.680",
    "(v)ram": "cuda 13.28G"
}
{
    "process": "gptq",
    "layer": 0,
    "module": "mlp.experts.20.down_proj",
    "feat: in, out": "1408, 2048",
    "dtype: size": "bf16: 5.7MB",
    "loss": "0.0000057104",
    "samples": "260",
    "damp": "0.01000",
    "time": "25.137",
    "fwd_time": "4.680",
    "(v)ram": "cuda 13.28G"
}
{
    "process": "gptq",
    "layer": 0,
    "module": "mlp.experts.22.down_proj",
    "feat: in, out": "1408, 2048",
    "dtype: size": "bf16: 5.7MB",
    "loss": "0.0000058146",
    "samples": "157",
    "damp": "0.01000",
    "time": "23.515",
    "fwd_time": "4.680",
    "(v)ram": "cuda 13.26G"
}
{
    "process": "gptq",
    "layer": 0,
    "module": "mlp.experts.3.down_proj",
    "feat: in, out": "1408, 2048",
    "dtype: size": "bf16: 5.7MB",
    "loss": "0.0000080103",
    "samples": "273",
    "damp": "0.01000",
    "time": "26.420",
    "fwd_time": "4.680",
    "(v)ram": "cuda 13.29G"
}
{
    "process": "gptq",
    "layer": 0,
    "module": "mlp.experts.21.down_proj",
    "feat: in, out": "1408, 2048",
    "dtype: size": "bf16: 5.7MB",
    "loss": "0.0000075541",
    "samples": "128",
    "damp": "0.01000",
    "time": "30.534",
    "fwd_time": "4.680",
    "(v)ram": "cuda 13.29G"
}
{
    "process": "gptq",
    "layer": 0,
    "module": "mlp.experts.24.down_proj",
    "feat: in, out": "1408, 2048",
    "dtype: size": "bf16: 5.7MB",
    "loss": "0.0000085672",
    "samples": "252",
    "damp": "0.01000",
    "time": "27.439",
    "fwd_time": "4.680",
    "(v)ram": "cuda 13.29G"
}
{
    "process": "gptq",
    "layer": 0,
    "module": "mlp.experts.26.down_proj",
    "feat: in, out": "1408, 2048",
    "dtype: size": "bf16: 5.7MB",
    "loss": "0.0000075071",
    "samples": "218",
    "damp": "0.01000",
    "time": "27.214",
    "fwd_time": "4.680",
    "(v)ram": "cuda 13.29G"
}
{
    "process": "gptq",
    "layer": 0,
    "module": "mlp.experts.7.down_proj",
    "feat: in, out": "1408, 2048",
    "dtype: size": "bf16: 5.7MB",
    "loss": "0.0000092746",
    "samples": "222",
    "damp": "0.01000",
    "time": "26.645",
    "fwd_time": "4.680",
    "(v)ram": "cuda 13.29G"
}
{
    "process": "gptq",
    "layer": 0,
    "module": "mlp.experts.25.down_proj",
    "feat: in, out": "1408, 2048",
    "dtype: size": "bf16: 5.7MB",
    "loss": "0.0000074592",
    "samples": "198",
    "damp": "0.01000",
    "time": "25.945",
    "fwd_time": "4.680",
    "(v)ram": "cuda 13.28G"
}
{
    "process": "gptq",
    "layer": 0,
    "module": "mlp.experts.28.down_proj",
    "feat: in, out": "1408, 2048",
    "dtype: size": "bf16: 5.7MB",
    "loss": "0.0000072451",
    "samples": "259",
    "damp": "0.01000",
    "time": "23.553",
    "fwd_time": "4.680",
    "(v)ram": "cuda 13.27G"
}
{
    "process": "gptq",
    "layer": 0,
    "module": "mlp.experts.30.down_proj",
    "feat: in, out": "1408, 2048",
    "dtype: size": "bf16: 5.7MB",
    "loss": "0.0000050884",
    "samples": "179",
    "damp": "0.01000",
    "time": "22.586",
    "fwd_time": "4.680",
    "(v)ram": "cuda 13.26G"
}
{
    "process": "gptq",
    "layer": 0,
    "module": "mlp.experts.29.down_proj",
    "feat: in, out": "1408, 2048",
    "dtype: size": "bf16: 5.7MB",
    "loss": "0.0000040324",
    "samples": "223",
    "damp": "0.01000",
    "time": "25.857",
    "fwd_time": "4.680",
    "(v)ram": "cuda 13.28G"
}
{
    "process": "gptq",
    "layer": 0,
    "module": "mlp.experts.32.down_proj",
    "feat: in, out": "1408, 2048",
    "dtype: size": "bf16: 5.7MB",
    "loss": "0.0000065257",
    "samples": "245",
    "damp": "0.01000",
    "time": "23.997",
    "fwd_time": "4.680",
    "(v)ram": "cuda 13.27G"
}
{
    "process": "gptq",
    "layer": 0,
    "module": "mlp.experts.11.down_proj",
    "feat: in, out": "1408, 2048",
    "dtype: size": "bf16: 5.7MB",
    "loss": "0.0000080355",
    "samples": "189",
    "damp": "0.01000",
    "time": "37.499",
    "fwd_time": "4.680",
    "(v)ram": "cuda 13.26G"
}
{
    "process": "gptq",
    "layer": 0,
    "module": "mlp.experts.34.down_proj",
    "feat: in, out": "1408, 2048",
    "dtype: size": "bf16: 5.7MB",
    "loss": "0.0000066595",
    "samples": "238",
    "damp": "0.01000",
    "time": "24.848",
    "fwd_time": "4.680",
    "(v)ram": "cuda 13.29G"
}
{
    "process": "gptq",
    "layer": 0,
    "module": "mlp.experts.36.down_proj",
    "feat: in, out": "1408, 2048",
    "dtype: size": "bf16: 5.7MB",
    "loss": "0.0000101110",
    "samples": "218",
    "damp": "0.01000",
    "time": "23.953",
    "fwd_time": "4.680",
    "(v)ram": "cuda 13.29G"
}
{
    "process": "gptq",
    "layer": 0,
    "module": "mlp.experts.33.down_proj",
    "feat: in, out": "1408, 2048",
    "dtype: size": "bf16: 5.7MB",
    "loss": "0.0000755382",
    "samples": "61",
    "damp": "0.01000",
    "time": "27.702",
    "fwd_time": "4.680",
    "(v)ram": "cuda 13.26G"
}
{
    "process": "gptq",
    "layer": 0,
    "module": "mlp.experts.38.down_proj",
    "feat: in, out": "1408, 2048",
    "dtype: size": "bf16: 5.7MB",
    "loss": "0.0000079046",
    "samples": "166",
    "damp": "0.01000",
    "time": "23.641",
    "fwd_time": "4.680",
    "(v)ram": "cuda 13.26G"
}
{
    "process": "gptq",
    "layer": 0,
    "module": "mlp.experts.15.down_proj",
    "feat: in, out": "1408, 2048",
    "dtype: size": "bf16: 5.7MB",
    "loss": "0.0000046769",
    "samples": "258",
    "damp": "0.01000",
    "time": "35.163",
    "fwd_time": "4.680",
    "(v)ram": "cuda 13.29G"
}
{
    "process": "gptq",
    "layer": 0,
    "module": "mlp.experts.40.down_proj",
    "feat: in, out": "1408, 2048",
    "dtype: size": "bf16: 5.7MB",
    "loss": "0.0000135581",
    "samples": "189",
    "damp": "0.01000",
    "time": "23.438",
    "fwd_time": "4.680",
    "(v)ram": "cuda 13.28G"
}
{
    "process": "gptq",
    "layer": 0,
    "module": "mlp.experts.42.down_proj",
    "feat: in, out": "1408, 2048",
    "dtype: size": "bf16: 5.7MB",
    "loss": "0.0000099025",
    "samples": "259",
    "damp": "0.01000",
    "time": "24.736",
    "fwd_time": "4.680",
    "(v)ram": "cuda 13.26G"
}
{
    "process": "gptq",
    "layer": 0,
    "module": "mlp.experts.37.down_proj",
    "feat: in, out": "1408, 2048",
    "dtype: size": "bf16: 5.7MB",
    "loss": "0.0000066980",
    "samples": "228",
    "damp": "0.01000",
    "time": "27.421",
    "fwd_time": "4.680",
    "(v)ram": "cuda 13.27G"
}
{
    "process": "gptq",
    "layer": 0,
    "module": "mlp.experts.19.down_proj",
    "feat: in, out": "1408, 2048",
    "dtype: size": "bf16: 5.7MB",
    "loss": "0.0000062839",
    "samples": "234",
    "damp": "0.01000",
    "time": "26.220",
    "fwd_time": "4.680",
    "(v)ram": "cuda 13.29G"
}
{
    "process": "gptq",
    "layer": 0,
    "module": "mlp.experts.44.down_proj",
    "feat: in, out": "1408, 2048",
    "dtype: size": "bf16: 5.7MB",
    "loss": "0.0000100054",
    "samples": "198",
    "damp": "0.01000",
    "time": "25.586",
    "fwd_time": "4.680",
    "(v)ram": "cuda 13.27G"
}
{
    "process": "gptq",
    "layer": 0,
    "module": "mlp.experts.46.down_proj",
    "feat: in, out": "1408, 2048",
    "dtype: size": "bf16: 5.7MB",
    "loss": "0.0000135808",
    "samples": "314",
    "damp": "0.01000",
    "time": "23.979",
    "fwd_time": "4.680",
    "(v)ram": "cuda 13.27G"
}
{
    "process": "gptq",
    "layer": 0,
    "module": "mlp.experts.41.down_proj",
    "feat: in, out": "1408, 2048",
    "dtype: size": "bf16: 5.7MB",
    "loss": "0.0000052500",
    "samples": "208",
    "damp": "0.01000",
    "time": "29.361",
    "fwd_time": "4.680",
    "(v)ram": "cuda 13.26G"
}
{
    "process": "gptq",
    "layer": 0,
    "module": "mlp.experts.23.down_proj",
    "feat: in, out": "1408, 2048",
    "dtype: size": "bf16: 5.7MB",
    "loss": "0.0000069478",
    "samples": "241",
    "damp": "0.01000",
    "time": "25.005",
    "fwd_time": "4.680",
    "(v)ram": "cuda 13.28G"
}
{
    "process": "gptq",
    "layer": 0,
    "module": "mlp.experts.48.down_proj",
    "feat: in, out": "1408, 2048",
    "dtype: size": "bf16: 5.7MB",
    "loss": "0.0000056622",
    "samples": "139",
    "damp": "0.01000",
    "time": "24.165",
    "fwd_time": "4.680",
    "(v)ram": "cuda 13.29G"
}
{
    "process": "gptq",
    "layer": 0,
    "module": "mlp.experts.50.down_proj",
    "feat: in, out": "1408, 2048",
    "dtype: size": "bf16: 5.7MB",
    "loss": "0.0000104810",
    "samples": "156",
    "damp": "0.01000",
    "time": "24.667",
    "fwd_time": "4.680",
    "(v)ram": "cuda 13.26G"
}
{
    "process": "gptq",
    "layer": 0,
    "module": "mlp.experts.45.down_proj",
    "feat: in, out": "1408, 2048",
    "dtype: size": "bf16: 5.7MB",
    "loss": "0.0000051956",
    "samples": "123",
    "damp": "0.01000",
    "time": "31.827",
    "fwd_time": "4.680",
    "(v)ram": "cuda 13.26G"
}
{
    "process": "gptq",
    "layer": 0,
    "module": "mlp.experts.27.down_proj",
    "feat: in, out": "1408, 2048",
    "dtype: size": "bf16: 5.7MB",
    "loss": "0.0000071999",
    "samples": "186",
    "damp": "0.01000",
    "time": "29.433",
    "fwd_time": "4.680",
    "(v)ram": "cuda 13.29G"
}
{
    "process": "gptq",
    "layer": 0,
    "module": "mlp.experts.52.down_proj",
    "feat: in, out": "1408, 2048",
    "dtype: size": "bf16: 5.7MB",
    "loss": "0.0000088574",
    "samples": "166",
    "damp": "0.01000",
    "time": "23.030",
    "fwd_time": "4.680",
    "(v)ram": "cuda 13.29G"
}
{
    "process": "gptq",
    "layer": 0,
    "module": "mlp.experts.54.down_proj",
    "feat: in, out": "1408, 2048",
    "dtype: size": "bf16: 5.7MB",
    "loss": "0.0000083514",
    "samples": "187",
    "damp": "0.01000",
    "time": "22.936",
    "fwd_time": "4.680",
    "(v)ram": "cuda 13.26G"
}
{
    "process": "gptq",
    "layer": 0,
    "module": "mlp.experts.56.down_proj",
    "feat: in, out": "1408, 2048",
    "dtype: size": "bf16: 5.7MB",
    "loss": "0.0000054455",
    "samples": "181",
    "damp": "0.01000",
    "time": "23.770",
    "fwd_time": "4.680",
    "(v)ram": "cuda 13.29G"
}
{
    "process": "gptq",
    "layer": 0,
    "module": "mlp.experts.49.down_proj",
    "feat: in, out": "1408, 2048",
    "dtype: size": "bf16: 5.7MB",
    "loss": "0.0000088607",
    "samples": "122",
    "damp": "0.01000",
    "time": "30.339",
    "fwd_time": "4.680",
    "(v)ram": "cuda 13.29G"
}
{
    "process": "gptq",
    "layer": 0,
    "module": "mlp.experts.58.down_proj",
    "feat: in, out": "1408, 2048",
    "dtype: size": "bf16: 5.7MB",
    "loss": "0.0000101880",
    "samples": "274",
    "damp": "0.01000",
    "time": "22.467",
    "fwd_time": "4.680",
    "(v)ram": "cuda 13.27G"
}
{
    "process": "gptq",
    "layer": 0,
    "module": "mlp.experts.31.down_proj",
    "feat: in, out": "1408, 2048",
    "dtype: size": "bf16: 5.7MB",
    "loss": "0.0000071819",
    "samples": "182",
    "damp": "0.01000",
    "time": "28.557",
    "fwd_time": "4.680",
    "(v)ram": "cuda 13.26G"
}
{
    "process": "gptq",
    "layer": 0,
    "module": "mlp.experts.53.down_proj",
    "feat: in, out": "1408, 2048",
    "dtype: size": "bf16: 5.7MB",
    "loss": "0.0000047944",
    "samples": "196",
    "damp": "0.01000",
    "time": "11.714",
    "fwd_time": "4.680",
    "(v)ram": "cuda 13.27G"
}
{
    "process": "gptq",
    "layer": 0,
    "module": "mlp.experts.35.down_proj",
    "feat: in, out": "1408, 2048",
    "dtype: size": "bf16: 5.7MB",
    "loss": "0.0000073322",
    "samples": "186",
    "damp": "0.01000",
    "time": "12.437",
    "fwd_time": "4.680",
    "(v)ram": "cuda 13.29G"
}
{
    "process": "gptq",
    "layer": 0,
    "module": "mlp.experts.57.down_proj",
    "feat: in, out": "1408, 2048",
    "dtype: size": "bf16: 5.7MB",
    "loss": "0.0000061008",
    "samples": "192",
    "damp": "0.01000",
    "time": "10.843",
    "fwd_time": "4.680",
    "(v)ram": "cuda 13.29G"
}
{
    "process": "gptq",
    "layer": 0,
    "module": "mlp.experts.39.down_proj",
    "feat: in, out": "1408, 2048",
    "dtype: size": "bf16: 5.7MB",
    "loss": "0.0000073446",
    "samples": "268",
    "damp": "0.01000",
    "time": "8.670",
    "fwd_time": "4.680",
    "(v)ram": "cuda 13.29G"
}
{
    "process": "gptq",
    "layer": 0,
    "module": "mlp.experts.43.down_proj",
    "feat: in, out": "1408, 2048",
    "dtype: size": "bf16: 5.7MB",
    "loss": "0.0000057589",
    "samples": "243",
    "damp": "0.01000",
    "time": "3.470",
    "fwd_time": "4.680",
    "(v)ram": "cuda 13.27G"
}
{
    "process": "gptq",
    "layer": 0,
    "module": "mlp.experts.47.down_proj",
    "feat: in, out": "1408, 2048",
    "dtype: size": "bf16: 5.7MB",
    "loss": "0.0000108054",
    "samples": "134",
    "damp": "0.01000",
    "time": "3.670",
    "fwd_time": "4.680",
    "(v)ram": "cuda 13.29G"
}
{
    "process": "gptq",
    "layer": 0,
    "module": "mlp.experts.51.down_proj",
    "feat: in, out": "1408, 2048",
    "dtype: size": "bf16: 5.7MB",
    "loss": "0.0000080124",
    "samples": "200",
    "damp": "0.01000",
    "time": "4.390",
    "fwd_time": "4.680",
    "(v)ram": "cuda 13.27G"
}
{
    "process": "gptq",
    "layer": 0,
    "module": "mlp.experts.55.down_proj",
    "feat: in, out": "1408, 2048",
    "dtype: size": "bf16: 5.7MB",
    "loss": "0.0000064868",
    "samples": "202",
    "damp": "0.01000",
    "time": "4.092",
    "fwd_time": "4.680",
    "(v)ram": "cuda 13.29G"
}
{
    "process": "gptq",
    "layer": 0,
    "module": "mlp.experts.59.down_proj",
    "feat: in, out": "1408, 2048",
    "dtype: size": "bf16: 5.7MB",
    "loss": "0.0000098701",
    "samples": "155",
    "damp": "0.01000",
    "time": "3.495",
    "fwd_time": "4.680",
    "(v)ram": "cuda 13.26G"
}
